// Jest Snapshot v1, https://goo.gl/fbAQLP

exports[`Color renders the color display 1`] = `
<div
  className="ColorDisplay"
  style={
    Object {
      "backgroundColor": "red",
    }
  }
>
  <Component />
  !
</div>
`;
